2025-07-25 21:25:38,226 [Worker-7: Loading available Gradle versions] INFO  o.e.b.c.i.u.g.PublishedGradleVersions - Gradle version information cache is not available. Remote download required.
2025-07-25 21:28:20,428 [Worker-1: Importing Maven projects] INFO  o.e.m.c.i.l.LifecycleMappingFactory - Using org.eclipse.m2e.jdt.JarLifecycleMapping lifecycle mapping for MavenProject: com.example:event_hive:0.0.1 @ /Users/amitjamra/EventHive/EventHive/Event-Hive_Backend/pom.xml.
2025-07-25 21:28:20,929 [Worker-1: Importing Maven projects] INFO  o.e.m.j.i.AbstractJavaProjectConfigurator - Adding source folder /Event-Hive_Backend/src/main/java
2025-07-25 21:28:20,929 [Worker-1: Importing Maven projects] INFO  o.e.m.j.i.AbstractJavaProjectConfigurator - Adding resource folder /Event-Hive_Backend/src/main/resources
2025-07-25 21:28:20,929 [Worker-1: Importing Maven projects] INFO  o.e.m.j.i.AbstractJavaProjectConfigurator - Adding resource folder /Event-Hive_Backend/src/main/resources
2025-07-25 21:28:20,930 [Worker-1: Importing Maven projects] INFO  o.e.m.j.i.AbstractJavaProjectConfigurator - Adding source folder /Event-Hive_Backend/src/test/java
2025-07-25 21:28:20,930 [Worker-1: Importing Maven projects] INFO  o.e.m.j.i.AbstractJavaProjectConfigurator - Adding resource folder /Event-Hive_Backend/src/test/resources
2025-07-25 21:28:20,991 [Worker-1: Importing Maven projects] INFO  o.e.m.c.i.p.ProjectConfigurationManager - Imported and configured 1 project(s) in 1 sec
2025-07-25 21:28:21,852 [Worker-2: Building] INFO  o.a.m.s.f.DefaultMavenResourcesFiltering - Copying 1 resource from src/main/resources to target/classes
2025-07-25 21:28:21,859 [Worker-2: Building] INFO  o.a.m.s.f.DefaultMavenResourcesFiltering - Copying 0 resource from src/main/resources to target/classes
2025-07-25 21:28:21,861 [Worker-2: Building] INFO  o.a.m.s.f.DefaultMavenResourcesFiltering - skip non existing resourceDirectory /Users/amitjamra/EventHive/EventHive/Event-Hive_Backend/src/test/resources
2025-07-25 21:29:59,553 [Worker-7: Building] INFO  o.a.m.s.f.DefaultMavenResourcesFiltering - Copying 1 resource from src/main/resources to target/classes
2025-07-25 21:29:59,555 [Worker-7: Building] INFO  o.a.m.s.f.DefaultMavenResourcesFiltering - Copying 0 resource from src/main/resources to target/classes
2025-07-25 21:29:59,557 [Worker-7: Building] INFO  o.a.m.s.f.DefaultMavenResourcesFiltering - skip non existing resourceDirectory /Users/amitjamra/EventHive/EventHive/Event-Hive_Backend/src/test/resources
2025-07-25 21:30:53,390 [Worker-1: Building] INFO  o.a.m.s.f.DefaultMavenResourcesFiltering - Copying 1 resource from src/main/resources to target/classes
2025-07-25 21:30:53,392 [Worker-1: Building] INFO  o.a.m.s.f.DefaultMavenResourcesFiltering - Copying 0 resource from src/main/resources to target/classes
2025-07-25 21:30:53,393 [Worker-1: Building] INFO  o.a.m.s.f.DefaultMavenResourcesFiltering - skip non existing resourceDirectory /Users/amitjamra/EventHive/EventHive/Event-Hive_Backend/src/test/resources
2025-07-25 21:31:05,850 [main] INFO  o.e.m2e.actions.ExecutePomAction - Creating new launch configuration
2025-07-25 21:31:12,608 [Worker-6: Launching Event-Hive_Backend] INFO  o.eclipse.m2e.core.internal.Bundles - getClasspathEntries(Bundle=org.eclipse.m2e.maven.runtime_3.9.900.20250220-2013 [359])
2025-07-25 21:31:12,609 [Worker-6: Launching Event-Hive_Backend] INFO  o.eclipse.m2e.core.internal.Bundles - 	Entry: /Applications/SpringToolsForEclipse.app/Contents/Eclipse/plugins/org.eclipse.m2e.maven.runtime_3.9.900.20250220-2013
2025-07-25 21:31:12,609 [Worker-6: Launching Event-Hive_Backend] INFO  o.eclipse.m2e.core.internal.Bundles - 	Entry: /Applications/SpringToolsForEclipse.app/Contents/Eclipse/plugins/org.eclipse.m2e.maven.runtime_3.9.900.20250220-2013/jars/aopalliance-1.0.jar
2025-07-25 21:31:12,609 [Worker-6: Launching Event-Hive_Backend] INFO  o.eclipse.m2e.core.internal.Bundles - 	Entry: /Applications/SpringToolsForEclipse.app/Contents/Eclipse/plugins/org.eclipse.m2e.maven.runtime_3.9.900.20250220-2013/jars/guice-5.1.0.jar
2025-07-25 21:31:12,609 [Worker-6: Launching Event-Hive_Backend] INFO  o.eclipse.m2e.core.internal.Bundles - 	Entry: /Applications/SpringToolsForEclipse.app/Contents/Eclipse/plugins/org.eclipse.m2e.maven.runtime_3.9.900.20250220-2013/jars/httpclient-4.5.14.jar
2025-07-25 21:31:12,609 [Worker-6: Launching Event-Hive_Backend] INFO  o.eclipse.m2e.core.internal.Bundles - 	Entry: /Applications/SpringToolsForEclipse.app/Contents/Eclipse/plugins/org.eclipse.m2e.maven.runtime_3.9.900.20250220-2013/jars/httpcore-4.4.16.jar
2025-07-25 21:31:12,609 [Worker-6: Launching Event-Hive_Backend] INFO  o.eclipse.m2e.core.internal.Bundles - 	Entry: /Applications/SpringToolsForEclipse.app/Contents/Eclipse/plugins/org.eclipse.m2e.maven.runtime_3.9.900.20250220-2013/jars/jansi-2.4.1.jar
2025-07-25 21:31:12,609 [Worker-6: Launching Event-Hive_Backend] INFO  o.eclipse.m2e.core.internal.Bundles - 	Entry: /Applications/SpringToolsForEclipse.app/Contents/Eclipse/plugins/org.eclipse.m2e.maven.runtime_3.9.900.20250220-2013/jars/jcl-over-slf4j-1.7.36.jar
2025-07-25 21:31:12,609 [Worker-6: Launching Event-Hive_Backend] INFO  o.eclipse.m2e.core.internal.Bundles - 	Entry: /Applications/SpringToolsForEclipse.app/Contents/Eclipse/plugins/org.eclipse.m2e.maven.runtime_3.9.900.20250220-2013/jars/maven-artifact-3.9.9.jar
2025-07-25 21:31:12,609 [Worker-6: Launching Event-Hive_Backend] INFO  o.eclipse.m2e.core.internal.Bundles - 	Entry: /Applications/SpringToolsForEclipse.app/Contents/Eclipse/plugins/org.eclipse.m2e.maven.runtime_3.9.900.20250220-2013/jars/maven-builder-support-3.9.9.jar
2025-07-25 21:31:12,609 [Worker-6: Launching Event-Hive_Backend] INFO  o.eclipse.m2e.core.internal.Bundles - 	Entry: /Applications/SpringToolsForEclipse.app/Contents/Eclipse/plugins/org.eclipse.m2e.maven.runtime_3.9.900.20250220-2013/jars/maven-compat-3.9.9.jar
2025-07-25 21:31:12,609 [Worker-6: Launching Event-Hive_Backend] INFO  o.eclipse.m2e.core.internal.Bundles - 	Entry: /Applications/SpringToolsForEclipse.app/Contents/Eclipse/plugins/org.eclipse.m2e.maven.runtime_3.9.900.20250220-2013/jars/maven-core-3.9.9.jar
2025-07-25 21:31:12,609 [Worker-6: Launching Event-Hive_Backend] INFO  o.eclipse.m2e.core.internal.Bundles - 	Entry: /Applications/SpringToolsForEclipse.app/Contents/Eclipse/plugins/org.eclipse.m2e.maven.runtime_3.9.900.20250220-2013/jars/maven-embedder-3.9.9.jar
2025-07-25 21:31:12,609 [Worker-6: Launching Event-Hive_Backend] INFO  o.eclipse.m2e.core.internal.Bundles - 	Entry: /Applications/SpringToolsForEclipse.app/Contents/Eclipse/plugins/org.eclipse.m2e.maven.runtime_3.9.900.20250220-2013/jars/maven-model-3.9.9.jar
2025-07-25 21:31:12,609 [Worker-6: Launching Event-Hive_Backend] INFO  o.eclipse.m2e.core.internal.Bundles - 	Entry: /Applications/SpringToolsForEclipse.app/Contents/Eclipse/plugins/org.eclipse.m2e.maven.runtime_3.9.900.20250220-2013/jars/maven-model-builder-3.9.9.jar
2025-07-25 21:31:12,609 [Worker-6: Launching Event-Hive_Backend] INFO  o.eclipse.m2e.core.internal.Bundles - 	Entry: /Applications/SpringToolsForEclipse.app/Contents/Eclipse/plugins/org.eclipse.m2e.maven.runtime_3.9.900.20250220-2013/jars/maven-plugin-api-3.9.9.jar
2025-07-25 21:31:12,609 [Worker-6: Launching Event-Hive_Backend] INFO  o.eclipse.m2e.core.internal.Bundles - 	Entry: /Applications/SpringToolsForEclipse.app/Contents/Eclipse/plugins/org.eclipse.m2e.maven.runtime_3.9.900.20250220-2013/jars/maven-repository-metadata-3.9.9.jar
2025-07-25 21:31:12,609 [Worker-6: Launching Event-Hive_Backend] INFO  o.eclipse.m2e.core.internal.Bundles - 	Entry: /Applications/SpringToolsForEclipse.app/Contents/Eclipse/plugins/org.eclipse.m2e.maven.runtime_3.9.900.20250220-2013/jars/maven-resolver-api-1.9.22.jar
2025-07-25 21:31:12,609 [Worker-6: Launching Event-Hive_Backend] INFO  o.eclipse.m2e.core.internal.Bundles - 	Entry: /Applications/SpringToolsForEclipse.app/Contents/Eclipse/plugins/org.eclipse.m2e.maven.runtime_3.9.900.20250220-2013/jars/maven-resolver-connector-basic-1.9.22.jar
2025-07-25 21:31:12,609 [Worker-6: Launching Event-Hive_Backend] INFO  o.eclipse.m2e.core.internal.Bundles - 	Entry: /Applications/SpringToolsForEclipse.app/Contents/Eclipse/plugins/org.eclipse.m2e.maven.runtime_3.9.900.20250220-2013/jars/maven-resolver-impl-1.9.22.jar
2025-07-25 21:31:12,609 [Worker-6: Launching Event-Hive_Backend] INFO  o.eclipse.m2e.core.internal.Bundles - 	Entry: /Applications/SpringToolsForEclipse.app/Contents/Eclipse/plugins/org.eclipse.m2e.maven.runtime_3.9.900.20250220-2013/jars/maven-resolver-named-locks-1.9.22.jar
2025-07-25 21:31:12,609 [Worker-6: Launching Event-Hive_Backend] INFO  o.eclipse.m2e.core.internal.Bundles - 	Entry: /Applications/SpringToolsForEclipse.app/Contents/Eclipse/plugins/org.eclipse.m2e.maven.runtime_3.9.900.20250220-2013/jars/maven-resolver-provider-3.9.9.jar
2025-07-25 21:31:12,609 [Worker-6: Launching Event-Hive_Backend] INFO  o.eclipse.m2e.core.internal.Bundles - 	Entry: /Applications/SpringToolsForEclipse.app/Contents/Eclipse/plugins/org.eclipse.m2e.maven.runtime_3.9.900.20250220-2013/jars/maven-resolver-spi-1.9.22.jar
2025-07-25 21:31:12,609 [Worker-6: Launching Event-Hive_Backend] INFO  o.eclipse.m2e.core.internal.Bundles - 	Entry: /Applications/SpringToolsForEclipse.app/Contents/Eclipse/plugins/org.eclipse.m2e.maven.runtime_3.9.900.20250220-2013/jars/maven-resolver-transport-file-1.9.22.jar
2025-07-25 21:31:12,609 [Worker-6: Launching Event-Hive_Backend] INFO  o.eclipse.m2e.core.internal.Bundles - 	Entry: /Applications/SpringToolsForEclipse.app/Contents/Eclipse/plugins/org.eclipse.m2e.maven.runtime_3.9.900.20250220-2013/jars/maven-resolver-transport-http-1.9.22.jar
2025-07-25 21:31:12,609 [Worker-6: Launching Event-Hive_Backend] INFO  o.eclipse.m2e.core.internal.Bundles - 	Entry: /Applications/SpringToolsForEclipse.app/Contents/Eclipse/plugins/org.eclipse.m2e.maven.runtime_3.9.900.20250220-2013/jars/maven-resolver-transport-wagon-1.9.22.jar
2025-07-25 21:31:12,609 [Worker-6: Launching Event-Hive_Backend] INFO  o.eclipse.m2e.core.internal.Bundles - 	Entry: /Applications/SpringToolsForEclipse.app/Contents/Eclipse/plugins/org.eclipse.m2e.maven.runtime_3.9.900.20250220-2013/jars/maven-resolver-util-1.9.22.jar
2025-07-25 21:31:12,609 [Worker-6: Launching Event-Hive_Backend] INFO  o.eclipse.m2e.core.internal.Bundles - 	Entry: /Applications/SpringToolsForEclipse.app/Contents/Eclipse/plugins/org.eclipse.m2e.maven.runtime_3.9.900.20250220-2013/jars/maven-settings-3.9.9.jar
2025-07-25 21:31:12,609 [Worker-6: Launching Event-Hive_Backend] INFO  o.eclipse.m2e.core.internal.Bundles - 	Entry: /Applications/SpringToolsForEclipse.app/Contents/Eclipse/plugins/org.eclipse.m2e.maven.runtime_3.9.900.20250220-2013/jars/maven-settings-builder-3.9.9.jar
2025-07-25 21:31:12,609 [Worker-6: Launching Event-Hive_Backend] INFO  o.eclipse.m2e.core.internal.Bundles - 	Entry: /Applications/SpringToolsForEclipse.app/Contents/Eclipse/plugins/org.eclipse.m2e.maven.runtime_3.9.900.20250220-2013/jars/maven-shared-utils-3.4.2.jar
2025-07-25 21:31:12,609 [Worker-6: Launching Event-Hive_Backend] INFO  o.eclipse.m2e.core.internal.Bundles - 	Entry: /Applications/SpringToolsForEclipse.app/Contents/Eclipse/plugins/org.eclipse.m2e.maven.runtime_3.9.900.20250220-2013/jars/org.eclipse.sisu.inject-0.9.0.M3.jar
2025-07-25 21:31:12,609 [Worker-6: Launching Event-Hive_Backend] INFO  o.eclipse.m2e.core.internal.Bundles - 	Entry: /Applications/SpringToolsForEclipse.app/Contents/Eclipse/plugins/org.eclipse.m2e.maven.runtime_3.9.900.20250220-2013/jars/org.eclipse.sisu.plexus-0.9.0.M3.jar
2025-07-25 21:31:12,609 [Worker-6: Launching Event-Hive_Backend] INFO  o.eclipse.m2e.core.internal.Bundles - 	Entry: /Applications/SpringToolsForEclipse.app/Contents/Eclipse/plugins/org.eclipse.m2e.maven.runtime_3.9.900.20250220-2013/jars/plexus-build-api-0.0.7.jar
2025-07-25 21:31:12,609 [Worker-6: Launching Event-Hive_Backend] INFO  o.eclipse.m2e.core.internal.Bundles - 	Entry: /Applications/SpringToolsForEclipse.app/Contents/Eclipse/plugins/org.eclipse.m2e.maven.runtime_3.9.900.20250220-2013/jars/plexus-build-api-1.2.0.jar
2025-07-25 21:31:12,609 [Worker-6: Launching Event-Hive_Backend] INFO  o.eclipse.m2e.core.internal.Bundles - 	Entry: /Applications/SpringToolsForEclipse.app/Contents/Eclipse/plugins/org.eclipse.m2e.maven.runtime_3.9.900.20250220-2013/jars/plexus-cipher-2.0.jar
2025-07-25 21:31:12,609 [Worker-6: Launching Event-Hive_Backend] INFO  o.eclipse.m2e.core.internal.Bundles - 	Entry: /Applications/SpringToolsForEclipse.app/Contents/Eclipse/plugins/org.eclipse.m2e.maven.runtime_3.9.900.20250220-2013/jars/plexus-classworlds-2.8.0.jar
2025-07-25 21:31:12,609 [Worker-6: Launching Event-Hive_Backend] INFO  o.eclipse.m2e.core.internal.Bundles - 	Entry: /Applications/SpringToolsForEclipse.app/Contents/Eclipse/plugins/org.eclipse.m2e.maven.runtime_3.9.900.20250220-2013/jars/plexus-component-annotations-2.1.0.jar
2025-07-25 21:31:12,609 [Worker-6: Launching Event-Hive_Backend] INFO  o.eclipse.m2e.core.internal.Bundles - 	Entry: /Applications/SpringToolsForEclipse.app/Contents/Eclipse/plugins/org.eclipse.m2e.maven.runtime_3.9.900.20250220-2013/jars/plexus-interpolation-1.27.jar
2025-07-25 21:31:12,609 [Worker-6: Launching Event-Hive_Backend] INFO  o.eclipse.m2e.core.internal.Bundles - 	Entry: /Applications/SpringToolsForEclipse.app/Contents/Eclipse/plugins/org.eclipse.m2e.maven.runtime_3.9.900.20250220-2013/jars/plexus-sec-dispatcher-2.0.jar
2025-07-25 21:31:12,609 [Worker-6: Launching Event-Hive_Backend] INFO  o.eclipse.m2e.core.internal.Bundles - 	Entry: /Applications/SpringToolsForEclipse.app/Contents/Eclipse/plugins/org.eclipse.m2e.maven.runtime_3.9.900.20250220-2013/jars/plexus-utils-3.5.1.jar
2025-07-25 21:31:12,609 [Worker-6: Launching Event-Hive_Backend] INFO  o.eclipse.m2e.core.internal.Bundles - 	Entry: /Applications/SpringToolsForEclipse.app/Contents/Eclipse/plugins/org.eclipse.m2e.maven.runtime_3.9.900.20250220-2013/jars/plexus-xml-3.0.1.jar
2025-07-25 21:31:12,609 [Worker-6: Launching Event-Hive_Backend] INFO  o.eclipse.m2e.core.internal.Bundles - 	Entry: /Applications/SpringToolsForEclipse.app/Contents/Eclipse/plugins/org.eclipse.m2e.maven.runtime_3.9.900.20250220-2013/jars/wagon-file-3.5.3.jar
2025-07-25 21:31:12,609 [Worker-6: Launching Event-Hive_Backend] INFO  o.eclipse.m2e.core.internal.Bundles - 	Entry: /Applications/SpringToolsForEclipse.app/Contents/Eclipse/plugins/org.eclipse.m2e.maven.runtime_3.9.900.20250220-2013/jars/wagon-http-3.5.3.jar
2025-07-25 21:31:12,609 [Worker-6: Launching Event-Hive_Backend] INFO  o.eclipse.m2e.core.internal.Bundles - 	Entry: /Applications/SpringToolsForEclipse.app/Contents/Eclipse/plugins/org.eclipse.m2e.maven.runtime_3.9.900.20250220-2013/jars/wagon-http-shared-3.5.3.jar
2025-07-25 21:31:12,609 [Worker-6: Launching Event-Hive_Backend] INFO  o.eclipse.m2e.core.internal.Bundles - 	Entry: /Applications/SpringToolsForEclipse.app/Contents/Eclipse/plugins/org.eclipse.m2e.maven.runtime_3.9.900.20250220-2013/jars/wagon-provider-api-3.5.3.jar
2025-07-25 21:31:12,610 [Worker-6: Launching Event-Hive_Backend] INFO  o.eclipse.m2e.core.internal.Bundles - getClasspathEntries(Bundle=com.google.guava_33.4.0.jre [29])
2025-07-25 21:31:12,610 [Worker-6: Launching Event-Hive_Backend] INFO  o.eclipse.m2e.core.internal.Bundles - 	Entry: /Applications/SpringToolsForEclipse.app/Contents/Eclipse/plugins/com.google.guava_33.4.0.jre.jar
2025-07-25 21:31:12,610 [Worker-6: Launching Event-Hive_Backend] INFO  o.eclipse.m2e.core.internal.Bundles - getClasspathEntries(Bundle=slf4j.api_2.0.17 [606])
2025-07-25 21:31:12,610 [Worker-6: Launching Event-Hive_Backend] INFO  o.eclipse.m2e.core.internal.Bundles - 	Entry: /Applications/SpringToolsForEclipse.app/Contents/Eclipse/plugins/slf4j.api_2.0.17.jar
2025-07-25 21:31:12,610 [Worker-6: Launching Event-Hive_Backend] INFO  o.eclipse.m2e.core.internal.Bundles - getClasspathEntries(Bundle=jakarta.inject.jakarta.inject-api_1.0.5 [45])
2025-07-25 21:31:12,610 [Worker-6: Launching Event-Hive_Backend] INFO  o.eclipse.m2e.core.internal.Bundles - 	Entry: /Applications/SpringToolsForEclipse.app/Contents/Eclipse/plugins/jakarta.inject.jakarta.inject-api_1.0.5.jar
2025-07-25 21:31:12,610 [Worker-6: Launching Event-Hive_Backend] INFO  o.eclipse.m2e.core.internal.Bundles - getClasspathEntries(Bundle=jakarta.annotation-api_1.3.5 [41])
2025-07-25 21:31:12,610 [Worker-6: Launching Event-Hive_Backend] INFO  o.eclipse.m2e.core.internal.Bundles - 	Entry: /Applications/SpringToolsForEclipse.app/Contents/Eclipse/plugins/jakarta.annotation-api_1.3.5.jar
2025-07-25 21:31:12,610 [Worker-6: Launching Event-Hive_Backend] INFO  o.eclipse.m2e.core.internal.Bundles - getClasspathEntries(Bundle=org.apache.commons.cli_1.9.0 [77])
2025-07-25 21:31:12,610 [Worker-6: Launching Event-Hive_Backend] INFO  o.eclipse.m2e.core.internal.Bundles - 	Entry: /Applications/SpringToolsForEclipse.app/Contents/Eclipse/plugins/org.apache.commons.cli_1.9.0.jar
2025-07-25 21:31:12,610 [Worker-6: Launching Event-Hive_Backend] INFO  o.eclipse.m2e.core.internal.Bundles - getClasspathEntries(Bundle=org.apache.commons.commons-codec_1.16.0 [79])
2025-07-25 21:31:12,610 [Worker-6: Launching Event-Hive_Backend] INFO  o.eclipse.m2e.core.internal.Bundles - 	Entry: /Applications/SpringToolsForEclipse.app/Contents/Eclipse/plugins/org.apache.commons.commons-codec_1.16.0.jar
2025-07-25 21:31:12,610 [Worker-6: Launching Event-Hive_Backend] INFO  o.eclipse.m2e.core.internal.Bundles - getClasspathEntries(Bundle=com.google.guava.failureaccess_1.0.2 [30])
2025-07-25 21:31:12,610 [Worker-6: Launching Event-Hive_Backend] INFO  o.eclipse.m2e.core.internal.Bundles - 	Entry: /Applications/SpringToolsForEclipse.app/Contents/Eclipse/plugins/com.google.guava.failureaccess_1.0.2.jar
2025-07-25 21:31:12,611 [Worker-6: Launching Event-Hive_Backend] INFO  o.e.m.i.launch.MavenLaunchDelegate - Run build in "/Users/amitjamra/EventHive/EventHive/Event-Hive_Backend":
2025-07-25 21:31:12,613 [Worker-6: Launching Event-Hive_Backend] INFO  o.e.m.i.launch.MavenLaunchDelegate -  mvn  -B -Dstyle.color=always clean compile
2025-07-26 13:07:08,284 [Worker-7: Loading available Gradle versions] INFO  o.e.b.c.i.u.g.PublishedGradleVersions - Gradle version information cache is up-to-date. Trying to read.
2025-07-26 13:07:49,977 [Worker-1: Loading available Gradle versions] INFO  o.e.b.c.i.u.g.PublishedGradleVersions - Gradle version information cache is up-to-date. Trying to read.
2025-07-26 13:08:16,576 [Worker-13: Importing Maven projects] INFO  o.e.m.c.i.l.LifecycleMappingFactory - Using org.eclipse.m2e.jdt.JarLifecycleMapping lifecycle mapping for MavenProject: com.example:event_hive:0.0.1 @ /Users/amitjamra/Project Backend/Event-Hive_Backend/pom.xml.
2025-07-26 13:08:16,911 [Worker-13: Importing Maven projects] INFO  o.e.m.j.i.AbstractJavaProjectConfigurator - Adding source folder /event_hive/src/main/java
2025-07-26 13:08:16,912 [Worker-13: Importing Maven projects] INFO  o.e.m.j.i.AbstractJavaProjectConfigurator - Adding resource folder /event_hive/src/main/resources
2025-07-26 13:08:16,912 [Worker-13: Importing Maven projects] INFO  o.e.m.j.i.AbstractJavaProjectConfigurator - Adding resource folder /event_hive/src/main/resources
2025-07-26 13:08:16,912 [Worker-13: Importing Maven projects] INFO  o.e.m.j.i.AbstractJavaProjectConfigurator - Adding source folder /event_hive/src/test/java
2025-07-26 13:08:16,912 [Worker-13: Importing Maven projects] INFO  o.e.m.j.i.AbstractJavaProjectConfigurator - Adding resource folder /event_hive/src/test/resources
2025-07-26 13:08:16,971 [Worker-13: Importing Maven projects] INFO  o.e.m.c.i.p.ProjectConfigurationManager - Imported and configured 1 project(s) in 0 sec
2025-07-26 13:08:17,656 [Worker-4: Building] INFO  o.a.m.s.f.DefaultMavenResourcesFiltering - Copying 1 resource from src/main/resources to target/classes
2025-07-26 13:08:17,661 [Worker-4: Building] INFO  o.a.m.s.f.DefaultMavenResourcesFiltering - Copying 0 resource from src/main/resources to target/classes
2025-07-26 13:08:17,663 [Worker-4: Building] INFO  o.a.m.s.f.DefaultMavenResourcesFiltering - skip non existing resourceDirectory /Users/amitjamra/EventHive/EventHive/Event-Hive_Backend/src/test/resources
2025-07-26 13:08:17,976 [Worker-4: Building] INFO  o.a.m.s.f.DefaultMavenResourcesFiltering - Copying 1 resource from src/main/resources to target/classes
2025-07-26 13:08:17,981 [Worker-4: Building] INFO  o.a.m.s.f.DefaultMavenResourcesFiltering - Copying 0 resource from src/main/resources to target/classes
2025-07-26 13:08:17,982 [Worker-4: Building] INFO  o.a.m.s.f.DefaultMavenResourcesFiltering - skip non existing resourceDirectory /Users/amitjamra/Project Backend/Event-Hive_Backend/src/test/resources
2025-07-26 13:09:18,952 [Worker-9: Building] INFO  o.a.m.s.f.DefaultMavenResourcesFiltering - Copying 1 resource from src/main/resources to target/classes
2025-07-26 13:09:18,957 [Worker-9: Building] INFO  o.a.m.s.f.DefaultMavenResourcesFiltering - Copying 0 resource from src/main/resources to target/classes
2025-07-26 13:09:18,958 [Worker-9: Building] INFO  o.a.m.s.f.DefaultMavenResourcesFiltering - skip non existing resourceDirectory /Users/amitjamra/EventHive/EventHive/Event-Hive_Backend/src/test/resources
2025-07-26 13:11:13,588 [Worker-7: Building] INFO  o.a.m.s.f.DefaultMavenResourcesFiltering - Copying 1 resource from src/main/resources to target/classes
2025-07-26 13:11:13,594 [Worker-7: Building] INFO  o.a.m.s.f.DefaultMavenResourcesFiltering - Copying 0 resource from src/main/resources to target/classes
2025-07-26 13:11:13,595 [Worker-7: Building] INFO  o.a.m.s.f.DefaultMavenResourcesFiltering - skip non existing resourceDirectory /Users/amitjamra/EventHive/EventHive/Event-Hive_Backend/src/test/resources
2025-07-26 13:11:13,644 [Worker-7: Building] INFO  o.a.m.s.f.DefaultMavenResourcesFiltering - Copying 1 resource from src/main/resources to target/classes
2025-07-26 13:11:13,646 [Worker-7: Building] INFO  o.a.m.s.f.DefaultMavenResourcesFiltering - Copying 0 resource from src/main/resources to target/classes
2025-07-26 13:11:13,646 [Worker-7: Building] INFO  o.a.m.s.f.DefaultMavenResourcesFiltering - skip non existing resourceDirectory /Users/amitjamra/Project Backend/Event-Hive_Backend/src/test/resources
2025-07-26 13:12:18,276 [Worker-1: Building] INFO  o.a.m.s.f.DefaultMavenResourcesFiltering - Copying 1 resource from src/main/resources to target/classes
2025-07-26 13:12:18,278 [Worker-1: Building] INFO  o.a.m.s.f.DefaultMavenResourcesFiltering - Copying 0 resource from src/main/resources to target/classes
2025-07-26 13:12:18,279 [Worker-1: Building] INFO  o.a.m.s.f.DefaultMavenResourcesFiltering - skip non existing resourceDirectory /Users/amitjamra/EventHive/EventHive/Event-Hive_Backend/src/test/resources
2025-07-26 13:12:18,342 [Worker-1: Building] INFO  o.a.m.s.f.DefaultMavenResourcesFiltering - Copying 1 resource from src/main/resources to target/classes
2025-07-26 13:12:18,344 [Worker-1: Building] INFO  o.a.m.s.f.DefaultMavenResourcesFiltering - Copying 0 resource from src/main/resources to target/classes
2025-07-26 13:12:18,345 [Worker-1: Building] INFO  o.a.m.s.f.DefaultMavenResourcesFiltering - skip non existing resourceDirectory /Users/amitjamra/Project Backend/Event-Hive_Backend/src/test/resources
2025-07-26 13:12:32,846 [Worker-1: Building] INFO  o.a.m.s.f.DefaultMavenResourcesFiltering - Copying 1 resource from src/main/resources to target/classes
2025-07-26 13:12:32,848 [Worker-1: Building] INFO  o.a.m.s.f.DefaultMavenResourcesFiltering - Copying 0 resource from src/main/resources to target/classes
2025-07-26 13:12:32,849 [Worker-1: Building] INFO  o.a.m.s.f.DefaultMavenResourcesFiltering - skip non existing resourceDirectory /Users/amitjamra/EventHive/EventHive/Event-Hive_Backend/src/test/resources
2025-07-26 13:13:10,617 [Worker-4: Building] INFO  o.a.m.s.f.DefaultMavenResourcesFiltering - Copying 1 resource from src/main/resources to target/classes
2025-07-26 13:13:10,619 [Worker-4: Building] INFO  o.a.m.s.f.DefaultMavenResourcesFiltering - Copying 0 resource from src/main/resources to target/classes
2025-07-26 13:13:10,620 [Worker-4: Building] INFO  o.a.m.s.f.DefaultMavenResourcesFiltering - skip non existing resourceDirectory /Users/amitjamra/EventHive/EventHive/Event-Hive_Backend/src/test/resources
2025-07-26 13:13:34,583 [Worker-9: Building] INFO  o.a.m.s.f.DefaultMavenResourcesFiltering - Copying 1 resource from src/main/resources to target/classes
2025-07-26 13:13:34,585 [Worker-9: Building] INFO  o.a.m.s.f.DefaultMavenResourcesFiltering - Copying 0 resource from src/main/resources to target/classes
2025-07-26 13:13:34,586 [Worker-9: Building] INFO  o.a.m.s.f.DefaultMavenResourcesFiltering - skip non existing resourceDirectory /Users/amitjamra/EventHive/EventHive/Event-Hive_Backend/src/test/resources
2025-07-26 13:13:45,164 [Worker-5: Building] INFO  o.a.m.s.f.DefaultMavenResourcesFiltering - Copying 1 resource from src/main/resources to target/classes
2025-07-26 13:13:45,165 [Worker-5: Building] INFO  o.a.m.s.f.DefaultMavenResourcesFiltering - Copying 0 resource from src/main/resources to target/classes
2025-07-26 13:13:45,166 [Worker-5: Building] INFO  o.a.m.s.f.DefaultMavenResourcesFiltering - skip non existing resourceDirectory /Users/amitjamra/EventHive/EventHive/Event-Hive_Backend/src/test/resources
2025-07-26 13:13:56,027 [Worker-7: Building] INFO  o.a.m.s.f.DefaultMavenResourcesFiltering - Copying 1 resource from src/main/resources to target/classes
2025-07-26 13:13:56,028 [Worker-7: Building] INFO  o.a.m.s.f.DefaultMavenResourcesFiltering - Copying 0 resource from src/main/resources to target/classes
2025-07-26 13:13:56,029 [Worker-7: Building] INFO  o.a.m.s.f.DefaultMavenResourcesFiltering - skip non existing resourceDirectory /Users/amitjamra/EventHive/EventHive/Event-Hive_Backend/src/test/resources
2025-07-26 13:14:23,126 [Worker-5: Building] INFO  o.a.m.s.f.DefaultMavenResourcesFiltering - Copying 1 resource from src/main/resources to target/classes
2025-07-26 13:14:23,128 [Worker-5: Building] INFO  o.a.m.s.f.DefaultMavenResourcesFiltering - Copying 0 resource from src/main/resources to target/classes
2025-07-26 13:14:23,129 [Worker-5: Building] INFO  o.a.m.s.f.DefaultMavenResourcesFiltering - skip non existing resourceDirectory /Users/amitjamra/EventHive/EventHive/Event-Hive_Backend/src/test/resources
2025-07-26 13:14:51,561 [Worker-2: Building] INFO  o.a.m.s.f.DefaultMavenResourcesFiltering - Copying 1 resource from src/main/resources to target/classes
2025-07-26 13:14:51,563 [Worker-2: Building] INFO  o.a.m.s.f.DefaultMavenResourcesFiltering - Copying 0 resource from src/main/resources to target/classes
2025-07-26 13:14:51,564 [Worker-2: Building] INFO  o.a.m.s.f.DefaultMavenResourcesFiltering - skip non existing resourceDirectory /Users/amitjamra/EventHive/EventHive/Event-Hive_Backend/src/test/resources
2025-07-26 13:15:24,715 [Worker-9: Building] INFO  o.a.m.s.f.DefaultMavenResourcesFiltering - Copying 1 resource from src/main/resources to target/classes
2025-07-26 13:15:24,717 [Worker-9: Building] INFO  o.a.m.s.f.DefaultMavenResourcesFiltering - Copying 0 resource from src/main/resources to target/classes
2025-07-26 13:15:24,718 [Worker-9: Building] INFO  o.a.m.s.f.DefaultMavenResourcesFiltering - skip non existing resourceDirectory /Users/amitjamra/EventHive/EventHive/Event-Hive_Backend/src/test/resources
2025-07-26 13:16:10,540 [Worker-8: Building] INFO  o.a.m.s.f.DefaultMavenResourcesFiltering - Copying 1 resource from src/main/resources to target/classes
2025-07-26 13:16:10,545 [Worker-8: Building] INFO  o.a.m.s.f.DefaultMavenResourcesFiltering - Copying 0 resource from src/main/resources to target/classes
2025-07-26 13:16:10,547 [Worker-8: Building] INFO  o.a.m.s.f.DefaultMavenResourcesFiltering - skip non existing resourceDirectory /Users/amitjamra/EventHive/EventHive/Event-Hive_Backend/src/test/resources
2025-07-26 13:16:32,588 [Worker-7: Building] INFO  o.a.m.s.f.DefaultMavenResourcesFiltering - Copying 1 resource from src/main/resources to target/classes
2025-07-26 13:16:32,590 [Worker-7: Building] INFO  o.a.m.s.f.DefaultMavenResourcesFiltering - Copying 0 resource from src/main/resources to target/classes
2025-07-26 13:16:32,591 [Worker-7: Building] INFO  o.a.m.s.f.DefaultMavenResourcesFiltering - skip non existing resourceDirectory /Users/amitjamra/EventHive/EventHive/Event-Hive_Backend/src/test/resources
2025-07-26 13:17:07,051 [Worker-9: Building] INFO  o.a.m.s.f.DefaultMavenResourcesFiltering - Copying 1 resource from src/main/resources to target/classes
2025-07-26 13:17:07,054 [Worker-9: Building] INFO  o.a.m.s.f.DefaultMavenResourcesFiltering - Copying 0 resource from src/main/resources to target/classes
2025-07-26 13:17:07,055 [Worker-9: Building] INFO  o.a.m.s.f.DefaultMavenResourcesFiltering - skip non existing resourceDirectory /Users/amitjamra/EventHive/EventHive/Event-Hive_Backend/src/test/resources
2025-07-26 13:18:41,493 [Worker-8: Building] INFO  o.a.m.s.f.DefaultMavenResourcesFiltering - Copying 1 resource from src/main/resources to target/classes
2025-07-26 13:18:41,495 [Worker-8: Building] INFO  o.a.m.s.f.DefaultMavenResourcesFiltering - Copying 0 resource from src/main/resources to target/classes
2025-07-26 13:18:41,496 [Worker-8: Building] INFO  o.a.m.s.f.DefaultMavenResourcesFiltering - skip non existing resourceDirectory /Users/amitjamra/EventHive/EventHive/Event-Hive_Backend/src/test/resources
2025-07-26 13:19:16,454 [Worker-5: Building] INFO  o.a.m.s.f.DefaultMavenResourcesFiltering - Copying 1 resource from src/main/resources to target/classes
2025-07-26 13:19:16,455 [Worker-5: Building] INFO  o.a.m.s.f.DefaultMavenResourcesFiltering - Copying 0 resource from src/main/resources to target/classes
2025-07-26 13:19:16,457 [Worker-5: Building] INFO  o.a.m.s.f.DefaultMavenResourcesFiltering - skip non existing resourceDirectory /Users/amitjamra/EventHive/EventHive/Event-Hive_Backend/src/test/resources
2025-07-26 13:19:46,018 [Worker-6: Building] INFO  o.a.m.s.f.DefaultMavenResourcesFiltering - Copying 1 resource from src/main/resources to target/classes
2025-07-26 13:19:46,019 [Worker-6: Building] INFO  o.a.m.s.f.DefaultMavenResourcesFiltering - Copying 0 resource from src/main/resources to target/classes
2025-07-26 13:19:46,020 [Worker-6: Building] INFO  o.a.m.s.f.DefaultMavenResourcesFiltering - skip non existing resourceDirectory /Users/amitjamra/EventHive/EventHive/Event-Hive_Backend/src/test/resources
2025-07-26 13:20:25,135 [Worker-9: Building] INFO  o.a.m.s.f.DefaultMavenResourcesFiltering - Copying 1 resource from src/main/resources to target/classes
2025-07-26 13:20:25,137 [Worker-9: Building] INFO  o.a.m.s.f.DefaultMavenResourcesFiltering - Copying 0 resource from src/main/resources to target/classes
2025-07-26 13:20:25,138 [Worker-9: Building] INFO  o.a.m.s.f.DefaultMavenResourcesFiltering - skip non existing resourceDirectory /Users/amitjamra/EventHive/EventHive/Event-Hive_Backend/src/test/resources
2025-07-26 13:21:04,967 [Worker-0: Building] INFO  o.a.m.s.f.DefaultMavenResourcesFiltering - Copying 1 resource from src/main/resources to target/classes
2025-07-26 13:21:04,969 [Worker-0: Building] INFO  o.a.m.s.f.DefaultMavenResourcesFiltering - Copying 0 resource from src/main/resources to target/classes
2025-07-26 13:21:04,971 [Worker-0: Building] INFO  o.a.m.s.f.DefaultMavenResourcesFiltering - skip non existing resourceDirectory /Users/amitjamra/EventHive/EventHive/Event-Hive_Backend/src/test/resources
2025-07-26 13:21:29,682 [Worker-3: Building] INFO  o.a.m.s.f.DefaultMavenResourcesFiltering - Copying 1 resource from src/main/resources to target/classes
2025-07-26 13:21:29,683 [Worker-3: Building] INFO  o.a.m.s.f.DefaultMavenResourcesFiltering - Copying 0 resource from src/main/resources to target/classes
2025-07-26 13:21:29,684 [Worker-3: Building] INFO  o.a.m.s.f.DefaultMavenResourcesFiltering - skip non existing resourceDirectory /Users/amitjamra/EventHive/EventHive/Event-Hive_Backend/src/test/resources
2025-07-26 13:21:49,090 [Worker-3: Building] INFO  o.a.m.s.f.DefaultMavenResourcesFiltering - Copying 1 resource from src/main/resources to target/classes
2025-07-26 13:21:49,091 [Worker-3: Building] INFO  o.a.m.s.f.DefaultMavenResourcesFiltering - Copying 0 resource from src/main/resources to target/classes
2025-07-26 13:21:49,092 [Worker-3: Building] INFO  o.a.m.s.f.DefaultMavenResourcesFiltering - skip non existing resourceDirectory /Users/amitjamra/EventHive/EventHive/Event-Hive_Backend/src/test/resources
2025-07-26 13:22:18,268 [Worker-5: Building] INFO  o.a.m.s.f.DefaultMavenResourcesFiltering - Copying 1 resource from src/main/resources to target/classes
2025-07-26 13:22:18,272 [Worker-5: Building] INFO  o.a.m.s.f.DefaultMavenResourcesFiltering - Copying 0 resource from src/main/resources to target/classes
2025-07-26 13:22:18,273 [Worker-5: Building] INFO  o.a.m.s.f.DefaultMavenResourcesFiltering - skip non existing resourceDirectory /Users/amitjamra/EventHive/EventHive/Event-Hive_Backend/src/test/resources
2025-07-26 13:29:24,280 [Worker-7: Building] INFO  o.a.m.s.f.DefaultMavenResourcesFiltering - Copying 0 resource from src/main/resources to target/classes
2025-07-26 13:29:24,281 [Worker-7: Building] INFO  o.a.m.s.f.DefaultMavenResourcesFiltering - Copying 0 resource from src/main/resources to target/classes
2025-07-26 13:29:24,282 [Worker-7: Building] INFO  o.a.m.s.f.DefaultMavenResourcesFiltering - skip non existing resourceDirectory /Users/amitjamra/EventHive/EventHive/Event-Hive_Backend/src/test/resources
2025-07-26 15:47:22,743 [Worker-2: Loading available Gradle versions] INFO  o.e.b.c.i.u.g.PublishedGradleVersions - Gradle version information cache is up-to-date. Trying to read.
2025-07-26 15:47:41,935 [Worker-18: Building] INFO  o.a.m.s.f.DefaultMavenResourcesFiltering - Copying 1 resource from src/main/resources to target/classes
2025-07-26 15:47:41,940 [Worker-18: Building] INFO  o.a.m.s.f.DefaultMavenResourcesFiltering - Copying 0 resource from src/main/resources to target/classes
2025-07-26 15:47:41,942 [Worker-18: Building] INFO  o.a.m.s.f.DefaultMavenResourcesFiltering - skip non existing resourceDirectory /Users/amitjamra/Project Backend/Event-Hive_Backend/src/test/resources
2025-07-26 15:48:56,479 [Worker-6: Building] INFO  o.a.m.s.f.DefaultMavenResourcesFiltering - Copying 1 resource from src/main/resources to target/classes
2025-07-26 15:48:56,484 [Worker-6: Building] INFO  o.a.m.s.f.DefaultMavenResourcesFiltering - Copying 0 resource from src/main/resources to target/classes
2025-07-26 15:48:56,485 [Worker-6: Building] INFO  o.a.m.s.f.DefaultMavenResourcesFiltering - skip non existing resourceDirectory /Users/amitjamra/EventHive/EventHive/Event-Hive_Backend/src/test/resources
2025-07-26 15:50:05,951 [Worker-27: Building] INFO  o.a.m.s.f.DefaultMavenResourcesFiltering - Copying 1 resource from src/main/resources to target/classes
2025-07-26 15:50:05,953 [Worker-27: Building] INFO  o.a.m.s.f.DefaultMavenResourcesFiltering - Copying 0 resource from src/main/resources to target/classes
2025-07-26 15:50:05,954 [Worker-27: Building] INFO  o.a.m.s.f.DefaultMavenResourcesFiltering - skip non existing resourceDirectory /Users/amitjamra/EventHive/EventHive/Event-Hive_Backend/src/test/resources
2025-07-26 15:50:46,885 [Worker-14: Building] INFO  o.a.m.s.f.DefaultMavenResourcesFiltering - Copying 1 resource from src/main/resources to target/classes
2025-07-26 15:50:46,887 [Worker-14: Building] INFO  o.a.m.s.f.DefaultMavenResourcesFiltering - Copying 0 resource from src/main/resources to target/classes
2025-07-26 15:50:46,888 [Worker-14: Building] INFO  o.a.m.s.f.DefaultMavenResourcesFiltering - skip non existing resourceDirectory /Users/amitjamra/EventHive/EventHive/Event-Hive_Backend/src/test/resources
2025-07-26 15:51:16,152 [Worker-7: Building] INFO  o.a.m.s.f.DefaultMavenResourcesFiltering - Copying 1 resource from src/main/resources to target/classes
2025-07-26 15:51:16,155 [Worker-7: Building] INFO  o.a.m.s.f.DefaultMavenResourcesFiltering - Copying 0 resource from src/main/resources to target/classes
2025-07-26 15:51:16,157 [Worker-7: Building] INFO  o.a.m.s.f.DefaultMavenResourcesFiltering - skip non existing resourceDirectory /Users/amitjamra/EventHive/EventHive/Event-Hive_Backend/src/test/resources
2025-07-26 15:52:17,403 [Worker-14: Building] INFO  o.a.m.s.f.DefaultMavenResourcesFiltering - Copying 1 resource from src/main/resources to target/classes
2025-07-26 15:52:17,404 [Worker-14: Building] INFO  o.a.m.s.f.DefaultMavenResourcesFiltering - Copying 0 resource from src/main/resources to target/classes
2025-07-26 15:52:17,406 [Worker-14: Building] INFO  o.a.m.s.f.DefaultMavenResourcesFiltering - skip non existing resourceDirectory /Users/amitjamra/EventHive/EventHive/Event-Hive_Backend/src/test/resources
2025-07-26 15:52:57,270 [Worker-5: Building] INFO  o.a.m.s.f.DefaultMavenResourcesFiltering - Copying 1 resource from src/main/resources to target/classes
2025-07-26 15:52:57,271 [Worker-5: Building] INFO  o.a.m.s.f.DefaultMavenResourcesFiltering - Copying 0 resource from src/main/resources to target/classes
2025-07-26 15:52:57,272 [Worker-5: Building] INFO  o.a.m.s.f.DefaultMavenResourcesFiltering - skip non existing resourceDirectory /Users/amitjamra/EventHive/EventHive/Event-Hive_Backend/src/test/resources
2025-07-26 15:53:25,092 [Worker-23: Building] INFO  o.a.m.s.f.DefaultMavenResourcesFiltering - Copying 1 resource from src/main/resources to target/classes
2025-07-26 15:53:25,095 [Worker-23: Building] INFO  o.a.m.s.f.DefaultMavenResourcesFiltering - Copying 0 resource from src/main/resources to target/classes
2025-07-26 15:53:25,096 [Worker-23: Building] INFO  o.a.m.s.f.DefaultMavenResourcesFiltering - skip non existing resourceDirectory /Users/amitjamra/EventHive/EventHive/Event-Hive_Backend/src/test/resources
2025-07-26 15:54:01,203 [Worker-2: Building] INFO  o.a.m.s.f.DefaultMavenResourcesFiltering - Copying 1 resource from src/main/resources to target/classes
2025-07-26 15:54:01,205 [Worker-2: Building] INFO  o.a.m.s.f.DefaultMavenResourcesFiltering - Copying 0 resource from src/main/resources to target/classes
2025-07-26 15:54:01,205 [Worker-2: Building] INFO  o.a.m.s.f.DefaultMavenResourcesFiltering - skip non existing resourceDirectory /Users/amitjamra/EventHive/EventHive/Event-Hive_Backend/src/test/resources
2025-07-26 15:54:53,828 [Worker-23: Building] INFO  o.a.m.s.f.DefaultMavenResourcesFiltering - Copying 1 resource from src/main/resources to target/classes
2025-07-26 15:54:53,829 [Worker-23: Building] INFO  o.a.m.s.f.DefaultMavenResourcesFiltering - Copying 0 resource from src/main/resources to target/classes
2025-07-26 15:54:53,830 [Worker-23: Building] INFO  o.a.m.s.f.DefaultMavenResourcesFiltering - skip non existing resourceDirectory /Users/amitjamra/EventHive/EventHive/Event-Hive_Backend/src/test/resources
2025-07-26 15:55:17,871 [Worker-2: Building] INFO  o.a.m.s.f.DefaultMavenResourcesFiltering - Copying 1 resource from src/main/resources to target/classes
2025-07-26 15:55:17,873 [Worker-2: Building] INFO  o.a.m.s.f.DefaultMavenResourcesFiltering - Copying 0 resource from src/main/resources to target/classes
2025-07-26 15:55:17,874 [Worker-2: Building] INFO  o.a.m.s.f.DefaultMavenResourcesFiltering - skip non existing resourceDirectory /Users/amitjamra/EventHive/EventHive/Event-Hive_Backend/src/test/resources
2025-07-26 16:01:57,120 [Worker-15: Building] INFO  o.a.m.s.f.DefaultMavenResourcesFiltering - Copying 1 resource from src/main/resources to target/classes
2025-07-26 16:01:57,122 [Worker-15: Building] INFO  o.a.m.s.f.DefaultMavenResourcesFiltering - Copying 0 resource from src/main/resources to target/classes
2025-07-26 16:01:57,123 [Worker-15: Building] INFO  o.a.m.s.f.DefaultMavenResourcesFiltering - skip non existing resourceDirectory /Users/amitjamra/EventHive/EventHive/Event-Hive_Backend/src/test/resources
2025-07-26 16:01:57,171 [Worker-15: Building] INFO  o.a.m.s.f.DefaultMavenResourcesFiltering - Copying 1 resource from src/main/resources to target/classes
2025-07-26 16:01:57,172 [Worker-15: Building] INFO  o.a.m.s.f.DefaultMavenResourcesFiltering - Copying 0 resource from src/main/resources to target/classes
2025-07-26 16:01:57,173 [Worker-15: Building] INFO  o.a.m.s.f.DefaultMavenResourcesFiltering - skip non existing resourceDirectory /Users/amitjamra/Project Backend/Event-Hive_Backend/src/test/resources
2025-07-27 11:02:43,209 [Worker-1: Loading available Gradle versions] INFO  o.e.b.c.i.u.g.PublishedGradleVersions - Gradle version information cache is out-of-date. Trying to update.
2025-07-27 11:03:31,895 [Worker-3: Building] INFO  o.a.m.s.f.DefaultMavenResourcesFiltering - Copying 1 resource from src/main/resources to target/classes
2025-07-27 11:03:31,902 [Worker-3: Building] INFO  o.a.m.s.f.DefaultMavenResourcesFiltering - Copying 0 resource from src/main/resources to target/classes
2025-07-27 11:03:31,905 [Worker-3: Building] INFO  o.a.m.s.f.DefaultMavenResourcesFiltering - skip non existing resourceDirectory /Users/amitjamra/Project Backend/Event-Hive_Backend/src/test/resources
2025-07-27 11:05:55,053 [Worker-6: Building] INFO  o.a.m.s.f.DefaultMavenResourcesFiltering - Copying 1 resource from src/main/resources to target/classes
2025-07-27 11:05:55,058 [Worker-6: Building] INFO  o.a.m.s.f.DefaultMavenResourcesFiltering - Copying 0 resource from src/main/resources to target/classes
2025-07-27 11:05:55,060 [Worker-6: Building] INFO  o.a.m.s.f.DefaultMavenResourcesFiltering - skip non existing resourceDirectory /Users/amitjamra/EventHive/EventHive/Event-Hive_Backend/src/test/resources
2025-07-27 11:08:15,701 [Worker-2: Building] INFO  o.a.m.s.f.DefaultMavenResourcesFiltering - Copying 1 resource from src/main/resources to target/classes
2025-07-27 11:08:15,703 [Worker-2: Building] INFO  o.a.m.s.f.DefaultMavenResourcesFiltering - Copying 0 resource from src/main/resources to target/classes
2025-07-27 11:08:15,705 [Worker-2: Building] INFO  o.a.m.s.f.DefaultMavenResourcesFiltering - skip non existing resourceDirectory /Users/amitjamra/EventHive/EventHive/Event-Hive_Backend/src/test/resources
2025-07-27 11:09:14,280 [Worker-7: Launching Event-Hive_Backend - Application] INFO  o.a.m.s.f.DefaultMavenResourcesFiltering - Copying 1 resource from src/main/resources to target/classes
2025-07-27 11:09:14,282 [Worker-7: Launching Event-Hive_Backend - Application] INFO  o.a.m.s.f.DefaultMavenResourcesFiltering - Copying 0 resource from src/main/resources to target/classes
2025-07-27 11:09:14,285 [Worker-7: Launching Event-Hive_Backend - Application] INFO  o.a.m.s.f.DefaultMavenResourcesFiltering - skip non existing resourceDirectory /Users/amitjamra/EventHive/EventHive/Event-Hive_Backend/src/test/resources
2025-07-27 11:15:26,287 [Worker-4: Building] INFO  o.a.m.s.f.DefaultMavenResourcesFiltering - Copying 1 resource from src/main/resources to target/classes
2025-07-27 11:15:26,290 [Worker-4: Building] INFO  o.a.m.s.f.DefaultMavenResourcesFiltering - Copying 0 resource from src/main/resources to target/classes
2025-07-27 11:15:26,292 [Worker-4: Building] INFO  o.a.m.s.f.DefaultMavenResourcesFiltering - skip non existing resourceDirectory /Users/amitjamra/EventHive/EventHive/Event-Hive_Backend/src/test/resources
2025-07-27 11:19:34,079 [Worker-4: Building] INFO  o.a.m.s.f.DefaultMavenResourcesFiltering - Copying 1 resource from src/main/resources to target/classes
2025-07-27 11:19:34,081 [Worker-4: Building] INFO  o.a.m.s.f.DefaultMavenResourcesFiltering - Copying 0 resource from src/main/resources to target/classes
2025-07-27 11:19:34,082 [Worker-4: Building] INFO  o.a.m.s.f.DefaultMavenResourcesFiltering - skip non existing resourceDirectory /Users/amitjamra/EventHive/EventHive/Event-Hive_Backend/src/test/resources
2025-07-27 11:24:36,897 [Worker-14: Building] INFO  o.a.m.s.f.DefaultMavenResourcesFiltering - Copying 1 resource from src/main/resources to target/classes
2025-07-27 11:24:36,899 [Worker-14: Building] INFO  o.a.m.s.f.DefaultMavenResourcesFiltering - Copying 0 resource from src/main/resources to target/classes
2025-07-27 11:24:36,900 [Worker-14: Building] INFO  o.a.m.s.f.DefaultMavenResourcesFiltering - skip non existing resourceDirectory /Users/amitjamra/EventHive/EventHive/Event-Hive_Backend/src/test/resources
2025-07-27 11:27:54,458 [Worker-1: Building] INFO  o.a.m.s.f.DefaultMavenResourcesFiltering - Copying 1 resource from src/main/resources to target/classes
2025-07-27 11:27:54,464 [Worker-1: Building] INFO  o.a.m.s.f.DefaultMavenResourcesFiltering - Copying 0 resource from src/main/resources to target/classes
2025-07-27 11:27:54,466 [Worker-1: Building] INFO  o.a.m.s.f.DefaultMavenResourcesFiltering - skip non existing resourceDirectory /Users/amitjamra/EventHive/EventHive/Event-Hive_Backend/src/test/resources
2025-07-27 11:28:52,940 [Worker-13: Building] INFO  o.a.m.s.f.DefaultMavenResourcesFiltering - Copying 1 resource from src/main/resources to target/classes
2025-07-27 11:28:52,944 [Worker-13: Building] INFO  o.a.m.s.f.DefaultMavenResourcesFiltering - Copying 0 resource from src/main/resources to target/classes
2025-07-27 11:28:52,945 [Worker-13: Building] INFO  o.a.m.s.f.DefaultMavenResourcesFiltering - skip non existing resourceDirectory /Users/amitjamra/EventHive/EventHive/Event-Hive_Backend/src/test/resources
2025-07-27 11:30:15,213 [Worker-13: Building] INFO  o.a.m.s.f.DefaultMavenResourcesFiltering - Copying 1 resource from src/main/resources to target/classes
2025-07-27 11:30:15,215 [Worker-13: Building] INFO  o.a.m.s.f.DefaultMavenResourcesFiltering - Copying 0 resource from src/main/resources to target/classes
2025-07-27 11:30:15,216 [Worker-13: Building] INFO  o.a.m.s.f.DefaultMavenResourcesFiltering - skip non existing resourceDirectory /Users/amitjamra/EventHive/EventHive/Event-Hive_Backend/src/test/resources
2025-07-27 11:33:37,679 [Worker-10: Building] INFO  o.a.m.s.f.DefaultMavenResourcesFiltering - Copying 1 resource from src/main/resources to target/classes
2025-07-27 11:33:37,680 [Worker-10: Building] INFO  o.a.m.s.f.DefaultMavenResourcesFiltering - Copying 0 resource from src/main/resources to target/classes
2025-07-27 11:33:37,681 [Worker-10: Building] INFO  o.a.m.s.f.DefaultMavenResourcesFiltering - skip non existing resourceDirectory /Users/amitjamra/EventHive/EventHive/Event-Hive_Backend/src/test/resources
2025-07-27 11:33:47,945 [Worker-6: Building] INFO  o.a.m.s.f.DefaultMavenResourcesFiltering - Copying 1 resource from src/main/resources to target/classes
2025-07-27 11:33:47,947 [Worker-6: Building] INFO  o.a.m.s.f.DefaultMavenResourcesFiltering - Copying 0 resource from src/main/resources to target/classes
2025-07-27 11:33:47,948 [Worker-6: Building] INFO  o.a.m.s.f.DefaultMavenResourcesFiltering - skip non existing resourceDirectory /Users/amitjamra/EventHive/EventHive/Event-Hive_Backend/src/test/resources
2025-07-27 11:34:56,999 [Worker-8: Building] INFO  o.a.m.s.f.DefaultMavenResourcesFiltering - Copying 1 resource from src/main/resources to target/classes
2025-07-27 11:34:57,001 [Worker-8: Building] INFO  o.a.m.s.f.DefaultMavenResourcesFiltering - Copying 0 resource from src/main/resources to target/classes
2025-07-27 11:34:57,001 [Worker-8: Building] INFO  o.a.m.s.f.DefaultMavenResourcesFiltering - skip non existing resourceDirectory /Users/amitjamra/EventHive/EventHive/Event-Hive_Backend/src/test/resources
2025-07-27 11:35:48,425 [Worker-13: Building] INFO  o.a.m.s.f.DefaultMavenResourcesFiltering - Copying 1 resource from src/main/resources to target/classes
2025-07-27 11:35:48,426 [Worker-13: Building] INFO  o.a.m.s.f.DefaultMavenResourcesFiltering - Copying 0 resource from src/main/resources to target/classes
2025-07-27 11:35:48,427 [Worker-13: Building] INFO  o.a.m.s.f.DefaultMavenResourcesFiltering - skip non existing resourceDirectory /Users/amitjamra/EventHive/EventHive/Event-Hive_Backend/src/test/resources
2025-07-27 11:40:16,471 [Worker-13: Building] INFO  o.a.m.s.f.DefaultMavenResourcesFiltering - Copying 1 resource from src/main/resources to target/classes
2025-07-27 11:40:16,473 [Worker-13: Building] INFO  o.a.m.s.f.DefaultMavenResourcesFiltering - Copying 0 resource from src/main/resources to target/classes
2025-07-27 11:40:16,474 [Worker-13: Building] INFO  o.a.m.s.f.DefaultMavenResourcesFiltering - skip non existing resourceDirectory /Users/amitjamra/EventHive/EventHive/Event-Hive_Backend/src/test/resources
2025-07-27 12:00:45,777 [Worker-6: Loading available Gradle versions] INFO  o.e.b.c.i.u.g.PublishedGradleVersions - Gradle version information cache is up-to-date. Trying to read.
2025-07-27 12:38:01,478 [Worker-5: Loading available Gradle versions] INFO  o.e.b.c.i.u.g.PublishedGradleVersions - Gradle version information cache is up-to-date. Trying to read.
2025-07-27 12:38:03,085 [Worker-14: Building] INFO  o.a.m.s.f.DefaultMavenResourcesFiltering - Copying 1 resource from src/main/resources to target/classes
2025-07-27 12:38:03,101 [Worker-14: Building] INFO  o.a.m.s.f.DefaultMavenResourcesFiltering - Copying 0 resource from src/main/resources to target/classes
2025-07-27 12:38:03,103 [Worker-14: Building] INFO  o.a.m.s.f.DefaultMavenResourcesFiltering - skip non existing resourceDirectory /Users/amitjamra/EventHive/EventHive/Event-Hive_Backend/src/test/resources
2025-07-27 12:38:03,477 [Worker-8: Building] ERROR o.e.m.c.i.p.r.ProjectRegistryManager - File not found: /Users/amitjamra/Project Backend/Event-Hive_Backend/pom.xml.
org.eclipse.core.internal.resources.ResourceException: File not found: /Users/amitjamra/Project Backend/Event-Hive_Backend/pom.xml.
	at org.eclipse.core.internal.localstore.FileSystemResourceManager.read(FileSystemResourceManager.java:886)
	at org.eclipse.core.internal.resources.File.getContents(File.java:352)
	at org.eclipse.core.internal.resources.File.getContents(File.java:342)
	at org.eclipse.m2e.core.internal.project.registry.ProjectRegistryManager.refreshPhase2(ProjectRegistryManager.java:589)
	at org.eclipse.m2e.core.internal.project.registry.ProjectRegistryManager.refresh(ProjectRegistryManager.java:491)
	at org.eclipse.m2e.core.internal.project.registry.ProjectRegistryManager.refresh(ProjectRegistryManager.java:370)
	at org.eclipse.m2e.core.internal.project.registry.ProjectRegistryManager.refresh(ProjectRegistryManager.java:322)
	at org.eclipse.m2e.core.internal.builder.MavenBuilder$BuildMethod.getProjectFacade(MavenBuilder.java:146)
	at org.eclipse.m2e.core.internal.builder.MavenBuilder$BuildMethod.lambda$0(MavenBuilder.java:84)
	at org.eclipse.m2e.core.internal.embedder.MavenExecutionContext.executeBare(MavenExecutionContext.java:458)
	at org.eclipse.m2e.core.internal.embedder.MavenExecutionContext.execute(MavenExecutionContext.java:339)
	at org.eclipse.m2e.core.internal.embedder.MavenExecutionContext.execute(MavenExecutionContext.java:278)
	at org.eclipse.m2e.core.internal.builder.MavenBuilder$BuildMethod.execute(MavenBuilder.java:83)
	at org.eclipse.m2e.core.internal.builder.MavenBuilder.build(MavenBuilder.java:192)
	at org.eclipse.core.internal.events.BuildManager$2.run(BuildManager.java:1077)
	at org.eclipse.core.runtime.SafeRunner.run(SafeRunner.java:47)
	at org.eclipse.core.internal.events.BuildManager.basicBuild(BuildManager.java:296)
	at org.eclipse.core.internal.events.BuildManager.basicBuild(BuildManager.java:352)
	at org.eclipse.core.internal.events.BuildManager$1.run(BuildManager.java:441)
	at org.eclipse.core.runtime.SafeRunner.run(SafeRunner.java:47)
	at org.eclipse.core.internal.events.BuildManager.basicBuild(BuildManager.java:444)
	at org.eclipse.core.internal.events.BuildManager.basicBuildLoop(BuildManager.java:555)
	at org.eclipse.core.internal.events.BuildManager.basicBuildLoop(BuildManager.java:503)
	at org.eclipse.core.internal.events.BuildManager.build(BuildManager.java:585)
	at org.eclipse.core.internal.events.AutoBuildJob.doBuild(AutoBuildJob.java:207)
	at org.eclipse.core.internal.events.AutoBuildJob.run(AutoBuildJob.java:300)
	at org.eclipse.core.internal.jobs.Worker.run(Worker.java:63)
Caused by: org.eclipse.core.runtime.CoreException: File not found: /Users/amitjamra/Project Backend/Event-Hive_Backend/pom.xml.
	at org.eclipse.core.internal.filesystem.Policy.error(Policy.java:32)
	at org.eclipse.core.internal.filesystem.local.LocalFile.handleReadIOException(LocalFile.java:542)
	at org.eclipse.core.internal.filesystem.local.LocalFile.openInputStream(LocalFile.java:523)
	at org.eclipse.core.internal.localstore.FileSystemResourceManager.read(FileSystemResourceManager.java:881)
	... 26 common frames omitted
Caused by: java.io.FileNotFoundException: /Users/amitjamra/Project Backend/Event-Hive_Backend/pom.xml (No such file or directory)
	at java.base/java.io.FileInputStream.open0(Native Method)
	at java.base/java.io.FileInputStream.open(FileInputStream.java:213)
	at java.base/java.io.FileInputStream.<init>(FileInputStream.java:152)
	at org.eclipse.core.internal.filesystem.local.LocalFile.openInputStream(LocalFile.java:521)
	... 27 common frames omitted
2025-07-27 12:41:52,776 [Worker-0: Loading available Gradle versions] INFO  o.e.b.c.i.u.g.PublishedGradleVersions - Gradle version information cache is up-to-date. Trying to read.
2025-07-27 12:48:10,743 [Worker-4: Loading available Gradle versions] INFO  o.e.b.c.i.u.g.PublishedGradleVersions - Gradle version information cache is up-to-date. Trying to read.
2025-07-27 12:49:22,356 [Worker-13: Building] INFO  o.a.m.s.f.DefaultMavenResourcesFiltering - Copying 1 resource from src/main/resources to target/classes
2025-07-27 12:49:22,363 [Worker-13: Building] INFO  o.a.m.s.f.DefaultMavenResourcesFiltering - Copying 0 resource from src/main/resources to target/classes
2025-07-27 12:49:22,365 [Worker-13: Building] INFO  o.a.m.s.f.DefaultMavenResourcesFiltering - skip non existing resourceDirectory /Users/amitjamra/EventHive/EventHive/Event-Hive_Backend/src/test/resources
2025-07-27 12:49:38,849 [Worker-11: Building] INFO  o.a.m.s.f.DefaultMavenResourcesFiltering - Copying 1 resource from src/main/resources to target/classes
2025-07-27 12:49:38,850 [Worker-11: Building] INFO  o.a.m.s.f.DefaultMavenResourcesFiltering - Copying 0 resource from src/main/resources to target/classes
2025-07-27 12:49:38,851 [Worker-11: Building] INFO  o.a.m.s.f.DefaultMavenResourcesFiltering - skip non existing resourceDirectory /Users/amitjamra/EventHive/EventHive/Event-Hive_Backend/src/test/resources
2025-07-27 12:50:11,999 [Worker-9: Building] INFO  o.a.m.s.f.DefaultMavenResourcesFiltering - Copying 1 resource from src/main/resources to target/classes
2025-07-27 12:50:12,000 [Worker-9: Building] INFO  o.a.m.s.f.DefaultMavenResourcesFiltering - Copying 0 resource from src/main/resources to target/classes
2025-07-27 12:50:12,001 [Worker-9: Building] INFO  o.a.m.s.f.DefaultMavenResourcesFiltering - skip non existing resourceDirectory /Users/amitjamra/EventHive/EventHive/Event-Hive_Backend/src/test/resources
2025-07-27 12:50:19,557 [Worker-11: Building] INFO  o.a.m.s.f.DefaultMavenResourcesFiltering - Copying 1 resource from src/main/resources to target/classes
2025-07-27 12:50:19,558 [Worker-11: Building] INFO  o.a.m.s.f.DefaultMavenResourcesFiltering - Copying 0 resource from src/main/resources to target/classes
2025-07-27 12:50:19,559 [Worker-11: Building] INFO  o.a.m.s.f.DefaultMavenResourcesFiltering - skip non existing resourceDirectory /Users/amitjamra/EventHive/EventHive/Event-Hive_Backend/src/test/resources
2025-07-27 12:50:35,477 [Worker-6: Building] INFO  o.a.m.s.f.DefaultMavenResourcesFiltering - Copying 1 resource from src/main/resources to target/classes
2025-07-27 12:50:35,478 [Worker-6: Building] INFO  o.a.m.s.f.DefaultMavenResourcesFiltering - Copying 0 resource from src/main/resources to target/classes
2025-07-27 12:50:35,479 [Worker-6: Building] INFO  o.a.m.s.f.DefaultMavenResourcesFiltering - skip non existing resourceDirectory /Users/amitjamra/EventHive/EventHive/Event-Hive_Backend/src/test/resources
2025-07-27 12:51:05,659 [Worker-11: Building] INFO  o.a.m.s.f.DefaultMavenResourcesFiltering - Copying 1 resource from src/main/resources to target/classes
2025-07-27 12:51:05,662 [Worker-11: Building] INFO  o.a.m.s.f.DefaultMavenResourcesFiltering - Copying 0 resource from src/main/resources to target/classes
2025-07-27 12:51:05,663 [Worker-11: Building] INFO  o.a.m.s.f.DefaultMavenResourcesFiltering - skip non existing resourceDirectory /Users/amitjamra/EventHive/EventHive/Event-Hive_Backend/src/test/resources
2025-07-27 12:55:55,630 [Worker-16: Building] INFO  o.a.m.s.f.DefaultMavenResourcesFiltering - Copying 1 resource from src/main/resources to target/classes
2025-07-27 12:55:55,631 [Worker-16: Building] INFO  o.a.m.s.f.DefaultMavenResourcesFiltering - Copying 0 resource from src/main/resources to target/classes
2025-07-27 12:55:55,631 [Worker-16: Building] INFO  o.a.m.s.f.DefaultMavenResourcesFiltering - skip non existing resourceDirectory /Users/amitjamra/EventHive/EventHive/Event-Hive_Backend/src/test/resources
2025-07-27 12:56:40,599 [Worker-16: Building] INFO  o.a.m.s.f.DefaultMavenResourcesFiltering - Copying 1 resource from src/main/resources to target/classes
2025-07-27 12:56:40,601 [Worker-16: Building] INFO  o.a.m.s.f.DefaultMavenResourcesFiltering - Copying 0 resource from src/main/resources to target/classes
2025-07-27 12:56:40,602 [Worker-16: Building] INFO  o.a.m.s.f.DefaultMavenResourcesFiltering - skip non existing resourceDirectory /Users/amitjamra/EventHive/EventHive/Event-Hive_Backend/src/test/resources
2025-07-27 12:57:49,887 [Worker-14: Building] INFO  o.a.m.s.f.DefaultMavenResourcesFiltering - Copying 1 resource from src/main/resources to target/classes
2025-07-27 12:57:49,889 [Worker-14: Building] INFO  o.a.m.s.f.DefaultMavenResourcesFiltering - Copying 0 resource from src/main/resources to target/classes
2025-07-27 12:57:49,890 [Worker-14: Building] INFO  o.a.m.s.f.DefaultMavenResourcesFiltering - skip non existing resourceDirectory /Users/amitjamra/EventHive/EventHive/Event-Hive_Backend/src/test/resources
